# name: test_minimal_failing_example
  Mansion(
    rooms=list([
    ]),
  )
# ---
